2026-02-28 06:59:12,429 - INFO - ================================================================================
2026-02-28 06:59:12,429 - INFO - Starting Historical Data Ingestion
2026-02-28 06:59:12,429 - INFO - ================================================================================
2026-02-28 06:59:12,582 - INFO - Found 1 instruments for symbol 'BANKEX'
2026-02-28 06:59:12,598 - INFO - 
============================================================
2026-02-28 06:59:12,599 - INFO - Processing: BANKEX (274441) - 1/1
2026-02-28 06:59:12,599 - INFO - ============================================================
2026-02-28 06:59:12,599 - INFO - 
BANKEX - 1day: 20 years (20 chunks)
2026-02-28 06:59:12,916 - ERROR - Error fetching historical data: Incorrect `api_key` or `access_token`.
2026-02-28 06:59:14,206 - ERROR - Error fetching historical data: Incorrect `api_key` or `access_token`.
2026-02-28 06:59:15,483 - ERROR - Error fetching historical data: Incorrect `api_key` or `access_token`.
2026-02-28 06:59:16,772 - ERROR - Error fetching historical data: Incorrect `api_key` or `access_token`.
2026-02-28 06:59:17,685 - WARNING - 

Ingestion interrupted by user
2026-02-28 07:01:05,139 - INFO - ================================================================================
2026-02-28 07:01:05,139 - INFO - Starting Historical Data Ingestion
2026-02-28 07:01:05,140 - INFO - ================================================================================
2026-02-28 07:01:05,225 - INFO - Found 1 instruments for symbol 'BANKEX'
2026-02-28 07:01:05,238 - INFO - 
============================================================
2026-02-28 07:01:05,238 - INFO - Processing: BANKEX (274441) - 1/1
2026-02-28 07:01:05,238 - INFO - ============================================================
2026-02-28 07:01:05,238 - INFO - 
BANKEX - 1day: 20 years (20 chunks)
2026-02-28 07:01:34,917 - INFO - 
BANKEX - 60minute: 7 years (28 chunks)
2026-02-28 07:02:17,204 - INFO - 
================================================================================
2026-02-28 07:02:17,204 - INFO - INGESTION SUMMARY
2026-02-28 07:02:17,204 - INFO - ================================================================================
2026-02-28 07:02:17,210 - INFO - 
Total indices processed: 1
2026-02-28 07:02:17,211 - INFO - Total intervals: 2
2026-02-28 07:02:17,211 - INFO - Total rows inserted: 83
2026-02-28 07:02:17,212 - INFO - Successful jobs: 2
2026-02-28 07:02:17,213 - INFO - Failed jobs: 0
2026-02-28 07:02:17,214 - INFO - 
Detailed summary saved to: ingestion_summary_20260228_070217.csv
2026-02-28 07:02:17,214 - INFO - 
Top 10 by rows inserted:
2026-02-28 07:02:17,220 - INFO - 
symbol interval  inserted
BANKEX 60minute        73
BANKEX     1day        10
2026-02-28 07:02:17,221 - INFO - 
================================================================================
2026-02-28 07:02:17,221 - INFO - Ingestion Complete!
2026-02-28 07:02:17,221 - INFO - ================================================================================
